// Jest Snapshot v1, https://goo.gl/fbAQLP

exports[`Counter View Counter View Snapshot check 1`] = `
<div>
  <h1>
    Counter
  </h1>
  <h2>
    1
  </h2>
  <button
    id="plus"
    onClick={[Function]}
  >
     + 
  </button>
  <button
    id="minus"
    onClick={[Function]}
  >
     - 
  </button>
</div>
`;
